// Jest Snapshot v1, https://goo.gl/fbAQLP

exports[`<Game /> Snapshots renders game area correctly 1`] = `
<div
  className="game-container"
>
  <table
    className="main-board"
  >
    <tbody>
      <tr>
        <td>
          <input
            className="writable"
            maxLength={1}
            onChange={[Function]}
            readOnly={false}
            value=""
          />
        </td>
        <td>
          <input
            className="writable"
            maxLength={1}
            onChange={[Function]}
            readOnly={false}
            value=""
          />
        </td>
        <td>
          <input
            className="readonly"
            maxLength={1}
            onChange={[Function]}
            readOnly={true}
            value={2}
          />
        </td>
        <td>
          <input
            className="writable"
            maxLength={1}
            onChange={[Function]}
            readOnly={false}
            value=""
          />
        </td>
        <td>
          <input
            className="writable"
            maxLength={1}
            onChange={[Function]}
            readOnly={false}
            value=""
          />
        </td>
        <td>
          <input
            className="readonly"
            maxLength={1}
            onChange={[Function]}
            readOnly={true}
            value={5}
          />
        </td>
        <td>
          <input
            className="readonly"
            maxLength={1}
            onChange={[Function]}
            readOnly={true}
            value={4}
          />
        </td>
        <td>
          <input
            className="writable"
            maxLength={1}
            onChange={[Function]}
            readOnly={false}
            value=""
          />
        </td>
        <td>
          <input
            className="writable"
            maxLength={1}
            onChange={[Function]}
            readOnly={false}
            value=""
          />
        </td>
      </tr>
      <tr>
        <td>
          <input
            className="readonly"
            maxLength={1}
            onChange={[Function]}
            readOnly={true}
            value={1}
          />
        </td>
        <td>
          <input
            className="writable"
            maxLength={1}
            onChange={[Function]}
            readOnly={false}
            value=""
          />
        </td>
        <td>
          <input
            className="writable"
            maxLength={1}
            onChange={[Function]}
            readOnly={false}
            value=""
          />
        </td>
        <td>
          <input
            className="readonly"
            maxLength={1}
            onChange={[Function]}
            readOnly={true}
            value={8}
          />
        </td>
        <td>
          <input
            className="writable"
            maxLength={1}
            onChange={[Function]}
            readOnly={false}
            value=""
          />
        </td>
        <td>
          <input
            className="writable"
            maxLength={1}
            onChange={[Function]}
            readOnly={false}
            value=""
          />
        </td>
        <td>
          <input
            className="readonly"
            maxLength={1}
            onChange={[Function]}
            readOnly={true}
            value={3}
          />
        </td>
        <td>
          <input
            className="writable"
            maxLength={1}
            onChange={[Function]}
            readOnly={false}
            value=""
          />
        </td>
        <td>
          <input
            className="writable"
            maxLength={1}
            onChange={[Function]}
            readOnly={false}
            value=""
          />
        </td>
      </tr>
      <tr>
        <td>
          <input
            className="writable"
            maxLength={1}
            onChange={[Function]}
            readOnly={false}
            value=""
          />
        </td>
        <td>
          <input
            className="writable"
            maxLength={1}
            onChange={[Function]}
            readOnly={false}
            value=""
          />
        </td>
        <td>
          <input
            className="readonly"
            maxLength={1}
            onChange={[Function]}
            readOnly={true}
            value={7}
          />
        </td>
        <td>
          <input
            className="readonly"
            maxLength={1}
            onChange={[Function]}
            readOnly={true}
            value={4}
          />
        </td>
        <td>
          <input
            className="readonly"
            maxLength={1}
            onChange={[Function]}
            readOnly={true}
            value={1}
          />
        </td>
        <td>
          <input
            className="writable"
            maxLength={1}
            onChange={[Function]}
            readOnly={false}
            value=""
          />
        </td>
        <td>
          <input
            className="readonly"
            maxLength={1}
            onChange={[Function]}
            readOnly={true}
            value={8}
          />
        </td>
        <td>
          <input
            className="writable"
            maxLength={1}
            onChange={[Function]}
            readOnly={false}
            value=""
          />
        </td>
        <td>
          <input
            className="writable"
            maxLength={1}
            onChange={[Function]}
            readOnly={false}
            value=""
          />
        </td>
      </tr>
      <tr>
        <td>
          <input
            className="writable"
            maxLength={1}
            onChange={[Function]}
            readOnly={false}
            value=""
          />
        </td>
        <td>
          <input
            className="readonly"
            maxLength={1}
            onChange={[Function]}
            readOnly={true}
            value={4}
          />
        </td>
        <td>
          <input
            className="writable"
            maxLength={1}
            onChange={[Function]}
            readOnly={false}
            value=""
          />
        </td>
        <td>
          <input
            className="readonly"
            maxLength={1}
            onChange={[Function]}
            readOnly={true}
            value={7}
          />
        </td>
        <td>
          <input
            className="readonly"
            maxLength={1}
            onChange={[Function]}
            readOnly={true}
            value={5}
          />
        </td>
        <td>
          <input
            className="writable"
            maxLength={1}
            onChange={[Function]}
            readOnly={false}
            value=""
          />
        </td>
        <td>
          <input
            className="writable"
            maxLength={1}
            onChange={[Function]}
            readOnly={false}
            value=""
          />
        </td>
        <td>
          <input
            className="readonly"
            maxLength={1}
            onChange={[Function]}
            readOnly={true}
            value={6}
          />
        </td>
        <td>
          <input
            className="writable"
            maxLength={1}
            onChange={[Function]}
            readOnly={false}
            value=""
          />
        </td>
      </tr>
      <tr>
        <td>
          <input
            className="writable"
            maxLength={1}
            onChange={[Function]}
            readOnly={false}
            value=""
          />
        </td>
        <td>
          <input
            className="readonly"
            maxLength={1}
            onChange={[Function]}
            readOnly={true}
            value={2}
          />
        </td>
        <td>
          <input
            className="writable"
            maxLength={1}
            onChange={[Function]}
            readOnly={false}
            value=""
          />
        </td>
        <td>
          <input
            className="writable"
            maxLength={1}
            onChange={[Function]}
            readOnly={false}
            value=""
          />
        </td>
        <td>
          <input
            className="writable"
            maxLength={1}
            onChange={[Function]}
            readOnly={false}
            value=""
          />
        </td>
        <td>
          <input
            className="readonly"
            maxLength={1}
            onChange={[Function]}
            readOnly={true}
            value={8}
          />
        </td>
        <td>
          <input
            className="writable"
            maxLength={1}
            onChange={[Function]}
            readOnly={false}
            value=""
          />
        </td>
        <td>
          <input
            className="readonly"
            maxLength={1}
            onChange={[Function]}
            readOnly={true}
            value={1}
          />
        </td>
        <td>
          <input
            className="readonly"
            maxLength={1}
            onChange={[Function]}
            readOnly={true}
            value={4}
          />
        </td>
      </tr>
      <tr>
        <td>
          <input
            className="readonly"
            maxLength={1}
            onChange={[Function]}
            readOnly={true}
            value={6}
          />
        </td>
        <td>
          <input
            className="readonly"
            maxLength={1}
            onChange={[Function]}
            readOnly={true}
            value={8}
          />
        </td>
        <td>
          <input
            className="writable"
            maxLength={1}
            onChange={[Function]}
            readOnly={false}
            value=""
          />
        </td>
        <td>
          <input
            className="writable"
            maxLength={1}
            onChange={[Function]}
            readOnly={false}
            value=""
          />
        </td>
        <td>
          <input
            className="writable"
            maxLength={1}
            onChange={[Function]}
            readOnly={false}
            value=""
          />
        </td>
        <td>
          <input
            className="writable"
            maxLength={1}
            onChange={[Function]}
            readOnly={false}
            value=""
          />
        </td>
        <td>
          <input
            className="writable"
            maxLength={1}
            onChange={[Function]}
            readOnly={false}
            value=""
          />
        </td>
        <td>
          <input
            className="readonly"
            maxLength={1}
            onChange={[Function]}
            readOnly={true}
            value={7}
          />
        </td>
        <td>
          <input
            className="writable"
            maxLength={1}
            onChange={[Function]}
            readOnly={false}
            value=""
          />
        </td>
      </tr>
      <tr>
        <td>
          <input
            className="writable"
            maxLength={1}
            onChange={[Function]}
            readOnly={false}
            value=""
          />
        </td>
        <td>
          <input
            className="writable"
            maxLength={1}
            onChange={[Function]}
            readOnly={false}
            value=""
          />
        </td>
        <td>
          <input
            className="writable"
            maxLength={1}
            onChange={[Function]}
            readOnly={false}
            value=""
          />
        </td>
        <td>
          <input
            className="writable"
            maxLength={1}
            onChange={[Function]}
            readOnly={false}
            value=""
          />
        </td>
        <td>
          <input
            className="readonly"
            maxLength={1}
            onChange={[Function]}
            readOnly={true}
            value={2}
          />
        </td>
        <td>
          <input
            className="writable"
            maxLength={1}
            onChange={[Function]}
            readOnly={false}
            value=""
          />
        </td>
        <td>
          <input
            className="readonly"
            maxLength={1}
            onChange={[Function]}
            readOnly={true}
            value={1}
          />
        </td>
        <td>
          <input
            className="readonly"
            maxLength={1}
            onChange={[Function]}
            readOnly={true}
            value={8}
          />
        </td>
        <td>
          <input
            className="readonly"
            maxLength={1}
            onChange={[Function]}
            readOnly={true}
            value={5}
          />
        </td>
      </tr>
      <tr>
        <td>
          <input
            className="readonly"
            maxLength={1}
            onChange={[Function]}
            readOnly={true}
            value={9}
          />
        </td>
        <td>
          <input
            className="writable"
            maxLength={1}
            onChange={[Function]}
            readOnly={false}
            value=""
          />
        </td>
        <td>
          <input
            className="writable"
            maxLength={1}
            onChange={[Function]}
            readOnly={false}
            value=""
          />
        </td>
        <td>
          <input
            className="readonly"
            maxLength={1}
            onChange={[Function]}
            readOnly={true}
            value={5}
          />
        </td>
        <td>
          <input
            className="writable"
            maxLength={1}
            onChange={[Function]}
            readOnly={false}
            value=""
          />
        </td>
        <td>
          <input
            className="readonly"
            maxLength={1}
            onChange={[Function]}
            readOnly={true}
            value={3}
          />
        </td>
        <td>
          <input
            className="writable"
            maxLength={1}
            onChange={[Function]}
            readOnly={false}
            value=""
          />
        </td>
        <td>
          <input
            className="writable"
            maxLength={1}
            onChange={[Function]}
            readOnly={false}
            value=""
          />
        </td>
        <td>
          <input
            className="readonly"
            maxLength={1}
            onChange={[Function]}
            readOnly={true}
            value={2}
          />
        </td>
      </tr>
      <tr>
        <td>
          <input
            className="writable"
            maxLength={1}
            onChange={[Function]}
            readOnly={false}
            value=""
          />
        </td>
        <td>
          <input
            className="readonly"
            maxLength={1}
            onChange={[Function]}
            readOnly={true}
            value={5}
          />
        </td>
        <td>
          <input
            className="readonly"
            maxLength={1}
            onChange={[Function]}
            readOnly={true}
            value={8}
          />
        </td>
        <td>
          <input
            className="writable"
            maxLength={1}
            onChange={[Function]}
            readOnly={false}
            value=""
          />
        </td>
        <td>
          <input
            className="writable"
            maxLength={1}
            onChange={[Function]}
            readOnly={false}
            value=""
          />
        </td>
        <td>
          <input
            className="readonly"
            maxLength={1}
            onChange={[Function]}
            readOnly={true}
            value={7}
          />
        </td>
        <td>
          <input
            className="writable"
            maxLength={1}
            onChange={[Function]}
            readOnly={false}
            value=""
          />
        </td>
        <td>
          <input
            className="writable"
            maxLength={1}
            onChange={[Function]}
            readOnly={false}
            value=""
          />
        </td>
        <td>
          <input
            className="writable"
            maxLength={1}
            onChange={[Function]}
            readOnly={false}
            value=""
          />
        </td>
      </tr>
    </tbody>
  </table>
  <div
    className="control-area"
  >
    <fieldset>
      <legend>
        Game
      </legend>
      <a
        className="waves-effect waves-light btn-small"
        onClick={[MockFunction]}
      >
        Refresh
      </a>
      <a
        className="waves-effect waves-light btn-small"
        onClick={[MockFunction]}
      >
        New game
      </a>
    </fieldset>
    <fieldset>
      <legend>
        Solver
      </legend>
      <a
        className="waves-effect waves-light btn-small"
        onClick={[MockFunction]}
      >
        Clear all
      </a>
      <a
        className="waves-effect waves-light btn-small"
        onClick={[Function]}
      >
        Validate
      </a>
      <a
        className="waves-effect waves-light btn-small"
        onClick={[Function]}
      >
        Show solution
      </a>
    </fieldset>
  </div>
</div>
`;
